[2026-03-14 22:14:46] Generating short report
[2026-03-14 22:14:46] Short report done – Short report saved to: /home/midou/Desktop/PROJECT OS PART 1/sys_audit_project/scripts/../reports/short_report_Dellali_20260314_221446.txt
[2026-03-14 22:16:02] Sending email for ./reports/example_short_report.txt
[2026-03-14 22:16:04] Email sent for ./reports/example_short_report.txt
[2026-03-14 22:16:39] Generating short report
[2026-03-14 22:16:39] Short report done – Short report saved to: /home/midou/Desktop/PROJECT OS PART 1/sys_audit_project/scripts/../reports/short_report_Dellali_20260314_221639.txt
[2026-03-14 22:16:58] Sending email for ./reports/shorty.txt
[2026-03-14 22:17:01] Email sent for ./reports/shorty.txt
[2026-03-14 22:32:52] Generating full report
[2026-03-14 22:32:52] Full report done – Full report saved to: /home/midou/Desktop/PROJECT OS PART 1/sys_audit_project/scripts/../reports/full_report_Dellali_20260314_223252.txt
[2026-03-14 22:33:29] Starting remote monitor
[2026-03-14 22:33:32] Remote monitor failed
[2026-04-13 11:28:23] Generating short report
[2026-04-13 11:28:23] Short report done – Short report saved to: /home/midou/Desktop/PROJECT OS PART 1/sys_audit_project/scripts/../reports/short_report_Dellali_20260413_112823.txt
[2026-04-13 11:30:20] Sending email for ./reports/example_short_report.txt
[2026-04-13 11:30:23] Email sent for ./reports/example_short_report.txt
[2026-05-04 13:50:46] Starting remote monitor
[2026-05-04 13:50:46] Remote monitor failed
[2026-05-04 15:26:35] Starting remote monitor
[2026-05-04 15:26:35] Remote monitor failed
[2026-05-04 15:28:26] Starting remote monitor
[2026-05-04 15:28:27] Remote monitor failed
[2026-05-04 15:31:12] Starting remote monitor
[2026-05-04 15:31:15] Remote monitor done
[2026-05-04 15:59:14] Starting remote monitor
[2026-05-04 15:59:17] Remote monitor failed
[2026-05-04 16:00:05] Starting remote monitor
[2026-05-04 16:00:08] Remote monitor failed
[2026-05-04 16:22:52] Starting remote monitor
[2026-05-04 16:22:55] Remote monitor failed
[2026-05-04 16:24:41] Starting remote monitor
[2026-05-04 16:24:43] Remote monitor done
[2026-05-04 16:42:04] Starting remote monitor
[2026-05-04 16:42:06] Remote monitor done
[2026-05-04 16:44:24] Starting remote monitor
[2026-05-04 16:44:26] Remote monitor done
[2026-05-04 16:59:50] Starting remote monitor
[2026-05-04 16:59:53] Remote monitor done
[2026-05-04 17:12:53] Starting remote monitor
[2026-05-04 17:12:54] Remote monitor failed
[2026-05-04 17:13:42] Starting remote monitor
[2026-05-04 17:13:44] Remote monitor failed
[2026-05-04 17:17:15] Starting remote monitor
[2026-05-04 17:17:19] Remote monitor done
[2026-05-04 17:23:28] Starting remote monitor
[2026-05-04 17:23:31] Remote monitor done
